<testsuites name="results">
  <testsuite name="all" package="all">
    <property name="random_seed" value="1716535500" />
    <testcase name="test_qspi_flash_write_read" classname="test_qspi_flash" file="/mnt/d/Manipal/cocotb/qspi/test_qspi_flash.py" lineno="6" time="0.024634122848510742" sim_time_ns="260.001" ratio_time="10554.506105165354">
      <failure message="Test failed with RANDOM_SEED=1716535500" />
    </testcase>
    <testcase name="test_qspi_flash_erase" classname="test_qspi_flash" file="/mnt/d/Manipal/cocotb/qspi/test_qspi_flash.py" lineno="25" time="0.003969907760620117" sim_time_ns="260.001" ratio_time="65492.95743823193">
      <failure message="Test failed with RANDOM_SEED=1716535500" />
    </testcase>
  </testsuite>
</testsuites>
